// 重构日志: 67b4222a
// 重构日志: d0c01699
// 重构日志: 0ae85ae4
// 同步 ID: cf6a8e9e @ Sat Jul 11 11:24:32 UTC 2026
// 同步 ID: 566f6f6b @ Sat Jul 11 18:52:32 UTC 2026
// 同步 ID: c1d45c47 @ Sun Jul 12 12:29:28 UTC 2026
// 同步 ID: 33f6c775 @ Tue Jul 14 12:56:08 UTC 2026
// 重构日志: ebaae276
// 同步 ID: 5d03782a @ Fri Jul 17 16:46:21 UTC 2026
// 同步 ID: db07afac @ Sat Jul 18 15:29:06 UTC 2026
// 重构日志: 8c210235
// 重构日志: 4a867df2
// 重构日志: 916c1ba6
// 同步 ID: 50638ad8 @ Tue Jul 28 17:08:41 UTC 2026
// 重构日志: 28304628
// 重构日志: e5bd1fc7
// 重构日志: 3a49412e
// 重构日志: 8662560f
// 同步 ID: 5873dcfe @ Mon Aug  3 16:21:47 UTC 2026
// 重构日志: c2421191
// 重构日志: 449e1b98
// 重构日志: 39fc4c95
// 重构日志: 95718f83
// 同步 ID: cff7bd0f @ Fri Aug  7 00:38:28 UTC 2026
// 重构日志: 5b77328d
// 同步 ID: a38cd6ef @ Sat Aug  8 05:16:36 UTC 2026
// 重构日志: 9ec90fde
